[    0.000000] Linux version 5.14.0-284.104.1.el9_2.x86_64 (mockbuild@x86-64-05.build.eng.rdu2.redhat.com) (gcc (GCC) 11.3.1 20221121 (Red Hat 11.3.1-4), GNU ld version 2.35.2-37.el9) #1 SMP PREEMPT_DYNAMIC Mon Feb 10 10:00:03 EST 2025
[    0.000000] The list of certified hardware and cloud instances for Red Hat Enterprise Linux 9 can be viewed at the Red Hat Ecosystem Catalog, https://catalog.redhat.com.
[    0.000000] Command line: BOOT_IMAGE=(hd0,gpt3)/ostree/rhcos-28af98682992630498bb0eb62633902be1a9fbd025565b98a6cb9270233aafe8/vmlinuz-5.14.0-284.104.1.el9_2.x86_64 ostree=/ostree/boot.0/rhcos/28af98682992630498bb0eb62633902be1a9fbd025565b98a6cb9270233aafe8/0 ignition.platform.id=openstack console=ttyS0,115200n8 console=tty0 root=UUID=9a2163b0-f941-4224-8059-53881a692549 rw rootflags=prjquota boot=UUID=18665d19-b1e2-4f76-af11-85cf5f4cfa86 systemd.unified_cgroup_hierarchy=1 cgroup_no_v1=all psi=1
[    0.000000] x86/fpu: Supporting XSAVE feature 0x001: 'x87 floating point registers'
[    0.000000] x86/fpu: Supporting XSAVE feature 0x002: 'SSE registers'
[    0.000000] x86/fpu: Supporting XSAVE feature 0x004: 'AVX registers'
[    0.000000] x86/fpu: Supporting XSAVE feature 0x200: 'Protection Keys User registers'
[    0.000000] x86/fpu: xstate_offset[2]:  576, xstate_sizes[2]:  256
[    0.000000] x86/fpu: xstate_offset[9]:  832, xstate_sizes[9]:    8
[    0.000000] x86/fpu: Enabled xstate features 0x207, context size is 840 bytes, using 'compacted' format.
[    0.000000] signal: max sigframe size: 3376
[    0.000000] BIOS-provided physical RAM map:
[    0.000000] BIOS-e820: [mem 0x0000000000000000-0x000000000009fbff] usable
[    0.000000] BIOS-e820: [mem 0x000000000009fc00-0x000000000009ffff] reserved
[    0.000000] BIOS-e820: [mem 0x00000000000f0000-0x00000000000fffff] reserved
[    0.000000] BIOS-e820: [mem 0x0000000000100000-0x00000000bffdafff] usable
[    0.000000] BIOS-e820: [mem 0x00000000bffdb000-0x00000000bfffffff] reserved
[    0.000000] BIOS-e820: [mem 0x00000000feffc000-0x00000000feffffff] reserved
[    0.000000] BIOS-e820: [mem 0x00000000fffc0000-0x00000000ffffffff] reserved
[    0.000000] BIOS-e820: [mem 0x0000000100000000-0x0000000233ffffff] usable
[    0.000000] BIOS-e820: [mem 0x000000fd00000000-0x000000ffffffffff] reserved
[    0.000000] NX (Execute Disable) protection: active
[    0.000000] SMBIOS 3.0.0 present.
[    0.000000] DMI: OpenStack Foundation OpenStack Nova, BIOS 1.16.3-debian-1.16.3-2~bpo12+1 04/01/2014
[    0.000000] Hypervisor detected: KVM
[    0.000000] kvm-clock: Using msrs 4b564d01 and 4b564d00
[    0.000000] kvm-clock: using sched offset of 238898328784 cycles
[    0.000002] clocksource: kvm-clock: mask: 0xffffffffffffffff max_cycles: 0x1cd42e4dffb, max_idle_ns: 881590591483 ns
[    0.000003] tsc: Detected 2399.996 MHz processor
[    0.000617] e820: update [mem 0x00000000-0x00000fff] usable ==> reserved
[    0.000619] e820: remove [mem 0x000a0000-0x000fffff] usable
[    0.000622] last_pfn = 0x234000 max_arch_pfn = 0x400000000
[    0.000655] x86/PAT: Configuration [0-7]: WB  WC  UC- UC  WB  WP  UC- WT  
[    0.000662] last_pfn = 0xbffdb max_arch_pfn = 0x400000000
[    0.002272] found SMP MP-table at [mem 0x000f53f0-0x000f53ff]
[    0.002282] Using GB pages for direct mapping
[    0.002379] RAMDISK: [mem 0x2cdb5000-0x326d2fff]
[    0.002382] ACPI: Early table checksum verification disabled
[    0.002384] ACPI: RSDP 0x00000000000F5180 000014 (v00 BOCHS )
[    0.002386] ACPI: RSDT 0x00000000BFFE1BC1 000030 (v01 BOCHS  BXPC     00000001 BXPC 00000001)
[    0.002390] ACPI: FACP 0x00000000BFFE1AA5 000074 (v01 BOCHS  BXPC     00000001 BXPC 00000001)
[    0.002393] ACPI: DSDT 0x00000000BFFE0040 001A65 (v01 BOCHS  BXPC     00000001 BXPC 00000001)
[    0.002394] ACPI: FACS 0x00000000BFFE0000 000040
[    0.002396] ACPI: APIC 0x00000000BFFE1B19 000080 (v03 BOCHS  BXPC     00000001 BXPC 00000001)
[    0.002397] ACPI: WAET 0x00000000BFFE1B99 000028 (v01 BOCHS  BXPC     00000001 BXPC 00000001)
[    0.002398] ACPI: Reserving FACP table memory at [mem 0xbffe1aa5-0xbffe1b18]
[    0.002399] ACPI: Reserving DSDT table memory at [mem 0xbffe0040-0xbffe1aa4]
[    0.002399] ACPI: Reserving FACS table memory at [mem 0xbffe0000-0xbffe003f]
[    0.002400] ACPI: Reserving APIC table memory at [mem 0xbffe1b19-0xbffe1b98]
[    0.002400] ACPI: Reserving WAET table memory at [mem 0xbffe1b99-0xbffe1bc0]
[    0.002547] No NUMA configuration found
[    0.002548] Faking a node at [mem 0x0000000000000000-0x0000000233ffffff]
[    0.002553] NODE_DATA(0) allocated [mem 0x233fd5000-0x233ffffff]
[    0.002747] Zone ranges:
[    0.002747]   DMA      [mem 0x0000000000001000-0x0000000000ffffff]
[    0.002748]   DMA32    [mem 0x0000000001000000-0x00000000ffffffff]
[    0.002749]   Normal   [mem 0x0000000100000000-0x0000000233ffffff]
[    0.002750]   Device   empty
[    0.002750] Movable zone start for each node
[    0.002751] Early memory node ranges
[    0.002752]   node   0: [mem 0x0000000000001000-0x000000000009efff]
[    0.002753]   node   0: [mem 0x0000000000100000-0x00000000bffdafff]
[    0.002753]   node   0: [mem 0x0000000100000000-0x0000000233ffffff]
[    0.002754] Initmem setup node 0 [mem 0x0000000000001000-0x0000000233ffffff]
[    0.002966] On node 0, zone DMA: 1 pages in unavailable ranges
[    0.002984] On node 0, zone DMA: 97 pages in unavailable ranges
[    0.006619] On node 0, zone Normal: 37 pages in unavailable ranges
[    0.006826] On node 0, zone Normal: 16384 pages in unavailable ranges
[    0.007046] ACPI: PM-Timer IO Port: 0x608
[    0.007055] ACPI: LAPIC_NMI (acpi_id[0xff] dfl dfl lint[0x1])
[    0.007078] IOAPIC[0]: apic_id 0, version 17, address 0xfec00000, GSI 0-23
[    0.007080] ACPI: INT_SRC_OVR (bus 0 bus_irq 0 global_irq 2 dfl dfl)
[    0.007081] ACPI: INT_SRC_OVR (bus 0 bus_irq 5 global_irq 5 high level)
[    0.007082] ACPI: INT_SRC_OVR (bus 0 bus_irq 9 global_irq 9 high level)
[    0.007083] ACPI: INT_SRC_OVR (bus 0 bus_irq 10 global_irq 10 high level)
[    0.007083] ACPI: INT_SRC_OVR (bus 0 bus_irq 11 global_irq 11 high level)
[    0.007085] ACPI: Using ACPI (MADT) for SMP configuration information
[    0.007089] smpboot: Allowing 2 CPUs, 0 hotplug CPUs
[    0.007118] PM: hibernation: Registered nosave memory: [mem 0x00000000-0x00000fff]
[    0.007119] PM: hibernation: Registered nosave memory: [mem 0x0009f000-0x0009ffff]
[    0.007120] PM: hibernation: Registered nosave memory: [mem 0x000a0000-0x000effff]
[    0.007120] PM: hibernation: Registered nosave memory: [mem 0x000f0000-0x000fffff]
[    0.007121] PM: hibernation: Registered nosave memory: [mem 0xbffdb000-0xbfffffff]
[    0.007121] PM: hibernation: Registered nosave memory: [mem 0xc0000000-0xfeffbfff]
[    0.007122] PM: hibernation: Registered nosave memory: [mem 0xfeffc000-0xfeffffff]
[    0.007122] PM: hibernation: Registered nosave memory: [mem 0xff000000-0xfffbffff]
[    0.007122] PM: hibernation: Registered nosave memory: [mem 0xfffc0000-0xffffffff]
[    0.007124] [mem 0xc0000000-0xfeffbfff] available for PCI devices
[    0.007124] Booting paravirtualized kernel on KVM
[    0.007126] clocksource: refined-jiffies: mask: 0xffffffff max_cycles: 0xffffffff, max_idle_ns: 1910969940391419 ns
[    0.010379] setup_percpu: NR_CPUS:8192 nr_cpumask_bits:2 nr_cpu_ids:2 nr_node_ids:1
[    0.010477] percpu: Embedded 55 pages/cpu s188416 r8192 d28672 u1048576
[    0.010480] pcpu-alloc: s188416 r8192 d28672 u1048576 alloc=1*2097152
[    0.010482] pcpu-alloc: [0] 0 1 
[    0.010498] kvm-guest: PV spinlocks disabled, no host support
[    0.010500] Fallback order for Node 0: 0 
[    0.010502] Built 1 zonelists, mobility grouping on.  Total pages: 2015707
[    0.010503] Policy zone: Normal
[    0.010503] Kernel command line: BOOT_IMAGE=(hd0,gpt3)/ostree/rhcos-28af98682992630498bb0eb62633902be1a9fbd025565b98a6cb9270233aafe8/vmlinuz-5.14.0-284.104.1.el9_2.x86_64 ostree=/ostree/boot.0/rhcos/28af98682992630498bb0eb62633902be1a9fbd025565b98a6cb9270233aafe8/0 ignition.platform.id=openstack console=ttyS0,115200n8 console=tty0 root=UUID=9a2163b0-f941-4224-8059-53881a692549 rw rootflags=prjquota boot=UUID=18665d19-b1e2-4f76-af11-85cf5f4cfa86 systemd.unified_cgroup_hierarchy=1 cgroup_no_v1=all psi=1
[    0.010604] Unknown kernel command line parameters "BOOT_IMAGE=(hd0,gpt3)/ostree/rhcos-28af98682992630498bb0eb62633902be1a9fbd025565b98a6cb9270233aafe8/vmlinuz-5.14.0-284.104.1.el9_2.x86_64 ostree=/ostree/boot.0/rhcos/28af98682992630498bb0eb62633902be1a9fbd025565b98a6cb9270233aafe8/0 boot=UUID=18665d19-b1e2-4f76-af11-85cf5f4cfa86", will be passed to user space.
[    0.010924] Dentry cache hash table entries: 1048576 (order: 11, 8388608 bytes, linear)
[    0.011089] Inode-cache hash table entries: 524288 (order: 10, 4194304 bytes, linear)
[    0.011194] mem auto-init: stack:off, heap alloc:off, heap free:off
[    0.011198] software IO TLB: area num 2.
[    0.020479] Memory: 3118576K/8191460K available (14336K kernel code, 5536K rwdata, 10220K rodata, 2796K init, 7500K bss, 347368K reserved, 0K cma-reserved)
[    0.020486] random: get_random_u64 called from kmem_cache_open+0x1e/0x310 with crng_init=0
[    0.020548] SLUB: HWalign=64, Order=0-3, MinObjects=0, CPUs=2, Nodes=1
[    0.020555] ftrace: allocating 44910 entries in 176 pages
[    0.035659] ftrace: allocated 176 pages with 3 groups
[    0.036116] Dynamic Preempt: voluntary
[    0.036132] rcu: Preemptible hierarchical RCU implementation.
[    0.036133] rcu: 	RCU restricting CPUs from NR_CPUS=8192 to nr_cpu_ids=2.
[    0.036134] 	Trampoline variant of Tasks RCU enabled.
[    0.036134] 	Rude variant of Tasks RCU enabled.
[    0.036134] 	Tracing variant of Tasks RCU enabled.
[    0.036135] rcu: RCU calculated value of scheduler-enlistment delay is 100 jiffies.
[    0.036136] rcu: Adjusting geometry for rcu_fanout_leaf=16, nr_cpu_ids=2
[    0.038409] NR_IRQS: 524544, nr_irqs: 440, preallocated irqs: 16
[    0.038526] rcu: srcu_init: Setting srcu_struct sizes based on contention.
[    0.038584] kfence: initialized - using 2097152 bytes for 255 objects at 0x(____ptrval____)-0x(____ptrval____)
[    0.038594] random: crng init done (trusting CPU's manufacturer)
[    0.044852] Console: colour VGA+ 80x25
[    0.065505] printk: console [tty0] enabled
[    0.130307] printk: console [ttyS0] enabled
[    0.130779] ACPI: Core revision 20211217
[    0.131270] APIC: Switch to symmetric I/O mode setup
[    0.131882] x2apic enabled
[    0.132316] Switched APIC routing to physical x2apic.
[    0.133426] ..TIMER: vector=0x30 apic1=0 pin1=2 apic2=-1 pin2=-1
[    0.134021] tsc: Marking TSC unstable due to TSCs unsynchronized
[    0.134612] Calibrating delay loop (skipped) preset value.. 4799.99 BogoMIPS (lpj=2399996)
[    0.135610] pid_max: default: 32768 minimum: 301
[    0.136092] LSM: Security Framework initializing
[    0.136616] Yama: becoming mindful.
[    0.136988] SELinux:  Initializing.
[    0.137369] LSM support for eBPF active
[    0.137915] Mount-cache hash table entries: 16384 (order: 5, 131072 bytes, linear)
[    0.138622] Mountpoint-cache hash table entries: 16384 (order: 5, 131072 bytes, linear)
[    0.139634] Disabling cpuset control group subsystem in v1 mounts
[    0.140248] Disabling cpu control group subsystem in v1 mounts
[    0.140611] Disabling cpuacct control group subsystem in v1 mounts
[    0.141207] Disabling io control group subsystem in v1 mounts
[    0.141616] Disabling memory control group subsystem in v1 mounts
[    0.142207] Disabling devices control group subsystem in v1 mounts
[    0.143056] Disabling freezer control group subsystem in v1 mounts
[    0.143610] Disabling net_cls control group subsystem in v1 mounts
[    0.144208] Disabling perf_event control group subsystem in v1 mounts
[    0.144610] Disabling net_prio control group subsystem in v1 mounts
[    0.145610] Disabling hugetlb control group subsystem in v1 mounts
[    0.146205] Disabling pids control group subsystem in v1 mounts
[    0.146610] Disabling rdma control group subsystem in v1 mounts
[    0.147183] Disabling misc control group subsystem in v1 mounts
[    0.147685] x86/cpu: User Mode Instruction Prevention (UMIP) activated
[    0.148661] Last level iTLB entries: 4KB 512, 2MB 255, 4MB 127
[    0.150609] Last level dTLB entries: 4KB 512, 2MB 255, 4MB 127, 1GB 0
[    0.151238] Spectre V1 : Mitigation: usercopy/swapgs barriers and __user pointer sanitization
[    0.152222] Spectre V2 : Mitigation: Retpolines
[    0.152609] Spectre V2 : Spectre v2 / SpectreRSB mitigation: Filling RSB on context switch
[    0.153609] Spectre V2 : Spectre v2 / SpectreRSB : Filling RSB on VMEXIT
[    0.154245] Spectre V2 : Enabling Restricted Speculation for firmware calls
[    0.154611] Spectre V2 : mitigation: Enabling conditional Indirect Branch Prediction Barrier
[    0.155610] Speculative Store Bypass: Mitigation: Speculative Store Bypass disabled via prctl
[    0.156610] Speculative Return Stack Overflow: IBPB-extending microcode not applied!
[    0.157371] Speculative Return Stack Overflow: WARNING: See https://kernel.org/doc/html/latest/admin-guide/hw-vuln/srso.html for mitigation options.
[    0.157372] Speculative Return Stack Overflow: Vulnerable: Safe RET, no microcode
[    0.174096] Freeing SMP alternatives memory: 36K
[    0.276728] smpboot: CPU0: AMD EPYC-Milan Processor (family: 0x19, model: 0x1, stepping: 0x1)
[    0.277744] cblist_init_generic: Setting adjustable number of callback queues.
[    0.278474] cblist_init_generic: Setting shift to 1 and lim to 1.
[    0.279070] cblist_init_generic: Setting shift to 1 and lim to 1.
[    0.279630] cblist_init_generic: Setting shift to 1 and lim to 1.
[    0.280234] Performance Events: Fam17h+ core perfctr, AMD PMU driver.
[    0.280612] ... version:                0
[    0.281027] ... bit width:              48
[    0.281610] ... generic registers:      6
[    0.282024] ... value mask:             0000ffffffffffff
[    0.282610] ... max period:             00007fffffffffff
[    0.283131] ... fixed-purpose events:   0
[    0.283610] ... event mask:             000000000000003f
[    0.284217] rcu: Hierarchical SRCU implementation.
[    0.284610] rcu: 	Max phase no-delay instances is 400.
[    0.287104] smp: Bringing up secondary CPUs ...
[    0.287686] x86: Booting SMP configuration:
[    0.288140] .... node  #0, CPUs:      #1
[    0.288623] smp: Brought up 1 node, 2 CPUs
[    0.289463] smpboot: Max logical packages: 2
[    0.289611] smpboot: Total of 2 processors activated (9599.98 BogoMIPS)
[    0.306518] node 0 deferred pages initialised in 15ms
[    0.307746] devtmpfs: initialized
[    0.308085] x86/mm: Memory block size: 128MB
[    0.309746] clocksource: jiffies: mask: 0xffffffff max_cycles: 0xffffffff, max_idle_ns: 1911260446275000 ns
[    0.310614] futex hash table entries: 512 (order: 3, 32768 bytes, linear)
[    0.311336] pinctrl core: initialized pinctrl subsystem
[    0.312375] NET: Registered PF_NETLINK/PF_ROUTE protocol family
[    0.313242] DMA: preallocated 1024 KiB GFP_KERNEL pool for atomic allocations
[    0.313613] DMA: preallocated 1024 KiB GFP_KERNEL|GFP_DMA pool for atomic allocations
[    0.314613] DMA: preallocated 1024 KiB GFP_KERNEL|GFP_DMA32 pool for atomic allocations
[    0.315421] audit: initializing netlink subsys (disabled)
[    0.316030] audit: type=2000 audit(1743496121.149:1): state=initialized audit_enabled=0 res=1
[    0.316030] thermal_sys: Registered thermal governor 'fair_share'
[    0.316614] thermal_sys: Registered thermal governor 'step_wise'
[    0.317610] thermal_sys: Registered thermal governor 'user_space'
[    0.318212] cpuidle: using governor menu
[    0.319745] HugeTLB: can optimize 4095 vmemmap pages for hugepages-1048576kB
[    0.320434] acpiphp: ACPI Hot Plug PCI Controller Driver version: 0.5
[    0.320694] PCI: Using configuration type 1 for base access
[    0.321610] PCI: Using configuration type 1 for extended access
[    0.324311] kprobes: kprobe jump-optimization is enabled. All kprobes are optimized if possible.
[    0.342620] HugeTLB: can optimize 7 vmemmap pages for hugepages-2048kB
[    0.343276] HugeTLB registered 1.00 GiB page size, pre-allocated 0 pages
[    0.343611] HugeTLB registered 2.00 MiB page size, pre-allocated 0 pages
[    0.344661] cryptd: max_cpu_qlen set to 1000
[    0.345117] ACPI: Added _OSI(Module Device)
[    0.345611] ACPI: Added _OSI(Processor Device)
[    0.346063] ACPI: Added _OSI(3.0 _SCP Extensions)
[    0.346611] ACPI: Added _OSI(Processor Aggregator Device)
[    0.347150] ACPI: Added _OSI(Linux-Dell-Video)
[    0.347611] ACPI: Added _OSI(Linux-Lenovo-NV-HDMI-Audio)
[    0.348137] ACPI: Added _OSI(Linux-HPI-Hybrid-Graphics)
[    0.349632] ACPI: 1 ACPI AML tables successfully acquired and loaded
[    0.350733] ACPI: Interpreter enabled
[    0.351137] ACPI: PM: (supports S0 S4 S5)
[    0.351558] ACPI: Using IOAPIC for interrupt routing
[    0.351983] PCI: Using host bridge windows from ACPI; if necessary, use "pci=nocrs" and report a bug
[    0.352610] PCI: Using E820 reservations for host bridge windows
[    0.353681] ACPI: Enabled 2 GPEs in block 00 to 0F
[    0.356482] ACPI: PCI Root Bridge [PCI0] (domain 0000 [bus 00-ff])
[    0.357080] acpi PNP0A03:00: _OSC: OS supports [ExtendedConfig ASPM ClockPM Segments MSI EDR HPX-Type3]
[    0.358049] acpiphp: Slot [3] registered
[    0.358626] acpiphp: Slot [4] registered
[    0.359049] acpiphp: Slot [5] registered
[    0.359630] acpiphp: Slot [6] registered
[    0.360050] acpiphp: Slot [7] registered
[    0.360619] acpiphp: Slot [8] registered
[    0.361047] acpiphp: Slot [9] registered
[    0.361474] acpiphp: Slot [10] registered
[    0.361625] acpiphp: Slot [11] registered
[    0.362050] acpiphp: Slot [12] registered
[    0.362623] acpiphp: Slot [13] registered
[    0.363058] acpiphp: Slot [14] registered
[    0.363624] acpiphp: Slot [15] registered
[    0.364060] acpiphp: Slot [16] registered
[    0.364488] acpiphp: Slot [17] registered
[    0.364924] acpiphp: Slot [18] registered
[    0.365350] acpiphp: Slot [19] registered
[    0.365623] acpiphp: Slot [20] registered
[    0.366060] acpiphp: Slot [21] registered
[    0.366625] acpiphp: Slot [22] registered
[    0.367060] acpiphp: Slot [23] registered
[    0.367494] acpiphp: Slot [24] registered
[    0.367924] acpiphp: Slot [25] registered
[    0.368350] acpiphp: Slot [26] registered
[    0.368625] acpiphp: Slot [27] registered
[    0.369061] acpiphp: Slot [28] registered
[    0.369624] acpiphp: Slot [29] registered
[    0.370057] acpiphp: Slot [30] registered
[    0.370487] acpiphp: Slot [31] registered
[    0.370915] PCI host bridge to bus 0000:00
[    0.371342] pci_bus 0000:00: root bus resource [io  0x0000-0x0cf7 window]
[    0.371611] pci_bus 0000:00: root bus resource [io  0x0d00-0xffff window]
[    0.372610] pci_bus 0000:00: root bus resource [mem 0x000a0000-0x000bffff window]
[    0.373357] pci_bus 0000:00: root bus resource [mem 0xc0000000-0xfebfffff window]
[    0.374155] pci_bus 0000:00: root bus resource [mem 0xc000000000-0xc07fffffff window]
[    0.374610] pci_bus 0000:00: root bus resource [bus 00-ff]
[    0.375665] pci 0000:00:00.0: [8086:1237] type 00 class 0x060000
[    0.376519] pci 0000:00:01.0: [8086:7000] type 00 class 0x060100
[    0.377371] pci 0000:00:01.1: [8086:7010] type 00 class 0x010180
[    0.379345] pci 0000:00:01.1: reg 0x20: [io  0xc120-0xc12f]
[    0.380108] pci 0000:00:01.1: legacy IDE quirk: reg 0x10: [io  0x01f0-0x01f7]
[    0.381137] pci 0000:00:01.1: legacy IDE quirk: reg 0x14: [io  0x03f6]
[    0.381610] pci 0000:00:01.1: legacy IDE quirk: reg 0x18: [io  0x0170-0x0177]
[    0.382291] pci 0000:00:01.1: legacy IDE quirk: reg 0x1c: [io  0x0376]
[    0.383238] pci 0000:00:01.2: [8086:7020] type 00 class 0x0c0300
[    0.384959] pci 0000:00:01.2: reg 0x20: [io  0xc100-0xc11f]
[    0.386746] pci 0000:00:01.3: [8086:7113] type 00 class 0x068000
[    0.387584] pci 0000:00:01.3: quirk: [io  0x0600-0x063f] claimed by PIIX4 ACPI
[    0.388142] pci 0000:00:01.3: quirk: [io  0x0700-0x070f] claimed by PIIX4 SMB
[    0.389689] pci 0000:00:02.0: [1013:00b8] type 00 class 0x030000
[    0.390835] pci 0000:00:02.0: reg 0x10: [mem 0xfc000000-0xfdffffff pref]
[    0.392071] pci 0000:00:02.0: reg 0x14: [mem 0xfeb90000-0xfeb90fff]
[    0.395149] pci 0000:00:02.0: reg 0x30: [mem 0xfeb80000-0xfeb8ffff pref]
[    0.395641] pci 0000:00:02.0: Video device with shadowed ROM at [mem 0x000c0000-0x000dffff]
[    0.396780] pci 0000:00:03.0: [1af4:1000] type 00 class 0x020000
[    0.398260] pci 0000:00:03.0: reg 0x10: [io  0xc080-0xc0bf]
[    0.400111] pci 0000:00:03.0: reg 0x14: [mem 0xfeb91000-0xfeb91fff]
[    0.402610] pci 0000:00:03.0: reg 0x20: [mem 0xc000000000-0xc000003fff 64bit pref]
[    0.403835] pci 0000:00:03.0: reg 0x30: [mem 0xfeb00000-0xfeb7ffff pref]
[    0.405393] pci 0000:00:04.0: [1af4:1001] type 00 class 0x010000
[    0.406611] pci 0000:00:04.0: reg 0x10: [io  0xc000-0xc07f]
[    0.407611] pci 0000:00:04.0: reg 0x14: [mem 0xfeb92000-0xfeb92fff]
[    0.410417] pci 0000:00:04.0: reg 0x20: [mem 0xc000004000-0xc000007fff 64bit pref]
[    0.413122] pci 0000:00:05.0: [1af4:1002] type 00 class 0x00ff00
[    0.413986] pci 0000:00:05.0: reg 0x10: [io  0xc0c0-0xc0ff]
[    0.415916] pci 0000:00:05.0: reg 0x20: [mem 0xc000008000-0xc00000bfff 64bit pref]
[    0.418083] ACPI: PCI: Interrupt link LNKA configured for IRQ 10
[    0.418701] ACPI: PCI: Interrupt link LNKB configured for IRQ 10
[    0.419372] ACPI: PCI: Interrupt link LNKC configured for IRQ 11
[    0.420120] ACPI: PCI: Interrupt link LNKD configured for IRQ 11
[    0.420662] ACPI: PCI: Interrupt link LNKS configured for IRQ 9
[    0.422326] iommu: Default domain type: Translated 
[    0.422611] iommu: DMA domain TLB invalidation policy: lazy mode 
[    0.423630] SCSI subsystem initialized
[    0.424049] ACPI: bus type USB registered
[    0.424494] usbcore: registered new interface driver usbfs
[    0.425013] usbcore: registered new interface driver hub
[    0.425548] usbcore: registered new device driver usb
[    0.426003] pps_core: LinuxPPS API ver. 1 registered
[    0.426610] pps_core: Software ver. 5.3.6 - Copyright 2005-2007 Rodolfo Giometti <giometti@linux.it>
[    0.427499] PTP clock support registered
[    0.427950] EDAC MC: Ver: 3.0.0
[    0.428849] NetLabel: Initializing
[    0.429218] NetLabel:  domain hash size = 128
[    0.429611] NetLabel:  protocols = UNLABELED CIPSOv4 CALIPSO
[    0.430181] NetLabel:  unlabeled traffic allowed by default
[    0.430610] PCI: Using ACPI for IRQ routing
[    0.431037] PCI: pci_cache_line_size set to 64 bytes
[    0.431110] e820: reserve RAM buffer [mem 0x0009fc00-0x0009ffff]
[    0.431113] e820: reserve RAM buffer [mem 0xbffdb000-0xbfffffff]
[    0.431130] pci 0000:00:02.0: vgaarb: setting as boot VGA device
[    0.431205] pci 0000:00:02.0: vgaarb: bridge control possible
[    0.431609] pci 0000:00:02.0: vgaarb: VGA device added: decodes=io+mem,owns=io+mem,locks=none
[    0.431611] vgaarb: loaded
[    0.432830] clocksource: Switched to clocksource kvm-clock
[    0.445153] VFS: Disk quotas dquot_6.6.0
[    0.445590] VFS: Dquot-cache hash table entries: 512 (order 0, 4096 bytes)
[    0.446305] pnp: PnP ACPI init
[    0.446769] pnp 00:03: [dma 2]
[    0.446939] pnp: PnP ACPI: found 5 devices
[    0.455118] clocksource: acpi_pm: mask: 0xffffff max_cycles: 0xffffff, max_idle_ns: 2085701024 ns
[    0.456035] NET: Registered PF_INET protocol family
[    0.456583] IP idents hash table entries: 131072 (order: 8, 1048576 bytes, linear)
[    0.457913] tcp_listen_portaddr_hash hash table entries: 4096 (order: 4, 65536 bytes, linear)
[    0.458758] Table-perturb hash table entries: 65536 (order: 6, 262144 bytes, linear)
[    0.459527] TCP established hash table entries: 65536 (order: 7, 524288 bytes, linear)
[    0.460339] TCP bind hash table entries: 65536 (order: 8, 1048576 bytes, linear)
[    0.461131] TCP: Hash tables configured (established 65536 bind 65536)
[    0.461809] MPTCP token hash table entries: 8192 (order: 5, 196608 bytes, linear)
[    0.462557] UDP hash table entries: 4096 (order: 5, 131072 bytes, linear)
[    0.463225] UDP-Lite hash table entries: 4096 (order: 5, 131072 bytes, linear)
[    0.463982] NET: Registered PF_UNIX/PF_LOCAL protocol family
[    0.464539] NET: Registered PF_XDP protocol family
[    0.465032] pci_bus 0000:00: resource 4 [io  0x0000-0x0cf7 window]
[    0.465635] pci_bus 0000:00: resource 5 [io  0x0d00-0xffff window]
[    0.466228] pci_bus 0000:00: resource 6 [mem 0x000a0000-0x000bffff window]
[    0.466884] pci_bus 0000:00: resource 7 [mem 0xc0000000-0xfebfffff window]
[    0.467541] pci_bus 0000:00: resource 8 [mem 0xc000000000-0xc07fffffff window]
[    0.468309] pci 0000:00:01.0: PIIX3: Enabling Passive Release
[    0.468878] pci 0000:00:00.0: Limiting direct PCI/PCI transfers
[    0.493990] ACPI: \_SB_.LNKD: Enabled at IRQ 11
[    0.519114] pci 0000:00:01.2: quirk_usb_early_handoff+0x0/0x140 took 48483 usecs
[    0.519914] PCI: CLS 0 bytes, default 64
[    0.520333] PCI-DMA: Using software bounce buffering for IO (SWIOTLB)
[    0.520961] software IO TLB: mapped [mem 0x00000000bbfdb000-0x00000000bffdb000] (64MB)
[    0.521187] Trying to unpack rootfs image as initramfs...
[    0.521752] ACPI: bus type thunderbolt registered
[    0.527458] Initialise system trusted keyrings
[    0.527939] Key type blacklist registered
[    0.528404] workingset: timestamp_bits=36 max_order=21 bucket_order=0
[    0.531249] zbud: loaded
[    0.532537] integrity: Platform Keyring initialized
[    0.535582] NET: Registered PF_ALG protocol family
[    0.536081] xor: automatically using best checksumming function   avx       
[    0.536756] Key type asymmetric registered
[    0.537177] Asymmetric key parser 'x509' registered
[    0.537666] Running certificate verification selftests
[    0.539032] Loaded X.509 cert 'Certificate verification self-testing key: f58703bb33ce1b73ee02eccdee5b8817518fe3db'
[    0.540418] Block layer SCSI generic (bsg) driver version 0.4 loaded (major 246)
[    0.541224] io scheduler mq-deadline registered
[    0.541694] io scheduler kyber registered
[    0.542146] io scheduler bfq registered
[    0.543661] atomic64_test: passed for x86-64 platform with CX8 and with SSE
[    0.544556] shpchp: Standard Hot Plug PCI Controller Driver version: 0.4
[    0.545366] input: Power Button as /devices/LNXSYSTM:00/LNXPWRBN:00/input/input0
[    0.546141] ACPI: button: Power Button [PWRF]
[    0.571386] ACPI: \_SB_.LNKC: Enabled at IRQ 10
[    0.622078] ACPI: \_SB_.LNKA: Enabled at IRQ 10
[    0.623374] Serial: 8250/16550 driver, 4 ports, IRQ sharing enabled
[    0.624068] 00:00: ttyS0 at I/O 0x3f8 (irq = 4, base_baud = 115200) is a 16550A
[    0.625593] Non-volatile memory driver v1.3
[    0.626559] rdac: device handler registered
[    0.627053] hp_sw: device handler registered
[    0.627491] emc: device handler registered
[    0.627943] alua: device handler registered
[    0.628479] libphy: Fixed MDIO Bus: probed
[    0.628983] ehci_hcd: USB 2.0 'Enhanced' Host Controller (EHCI) Driver
[    0.629616] ehci-pci: EHCI PCI platform driver
[    0.630073] ohci_hcd: USB 1.1 'Open' Host Controller (OHCI) Driver
[    0.630674] ohci-pci: OHCI PCI platform driver
[    0.631134] uhci_hcd: USB Universal Host Controller Interface driver
[    0.656384] uhci_hcd 0000:00:01.2: UHCI Host Controller
[    0.656987] uhci_hcd 0000:00:01.2: new USB bus registered, assigned bus number 1
[    0.657735] uhci_hcd 0000:00:01.2: detected 2 ports
[    0.658295] uhci_hcd 0000:00:01.2: irq 11, io port 0x0000c100
[    0.658940] usb usb1: New USB device found, idVendor=1d6b, idProduct=0001, bcdDevice= 5.14
[    0.659781] usb usb1: New USB device strings: Mfr=3, Product=2, SerialNumber=1
[    0.660495] usb usb1: Product: UHCI Host Controller
[    0.661002] usb usb1: Manufacturer: Linux 5.14.0-284.104.1.el9_2.x86_64 uhci_hcd
[    0.661736] usb usb1: SerialNumber: 0000:00:01.2
[    0.662317] hub 1-0:1.0: USB hub found
[    0.662725] hub 1-0:1.0: 2 ports detected
[    0.663301] usbcore: registered new interface driver usbserial_generic
[    0.663940] usbserial: USB Serial support registered for generic
[    0.664560] i8042: PNP: PS/2 Controller [PNP0303:KBD,PNP0f13:MOU] at 0x60,0x64 irq 1,12
[    0.665898] serio: i8042 KBD port at 0x60,0x64 irq 1
[    0.666407] serio: i8042 AUX port at 0x60,0x64 irq 12
[    0.667094] mousedev: PS/2 mouse device common for all mice
[    0.667854] input: AT Translated Set 2 keyboard as /devices/platform/i8042/serio0/input/input1
[    0.668818] rtc_cmos 00:04: RTC can wake from S4
[    0.669759] input: VirtualPS/2 VMware VMMouse as /devices/platform/i8042/serio1/input/input4
[    0.670852] rtc_cmos 00:04: registered as rtc0
[    0.671358] input: VirtualPS/2 VMware VMMouse as /devices/platform/i8042/serio1/input/input3
[    0.672233] rtc_cmos 00:04: setting system clock to 2025-04-01T08:28:41 UTC (1743496121)
[    0.673049] rtc_cmos 00:04: alarms up to one day, y3k, 242 bytes nvram
[    0.673928] hid: raw HID events driver (C) Jiri Kosina
[    0.674492] usbcore: registered new interface driver usbhid
[    0.675048] usbhid: USB HID core driver
[    0.675465] drop_monitor: Initializing network drop monitor service
[    0.686048] Initializing XFRM netlink socket
[    0.686636] NET: Registered PF_INET6 protocol family
[    0.687414] Segment Routing with IPv6
[    0.687837] NET: Registered PF_PACKET protocol family
[    0.688376] mpls_gso: MPLS GSO support
[    0.689092] IPI shorthand broadcast: enabled
[    0.689551] AVX2 version of gcm_enc/dec engaged.
[    0.690080] AES CTR mode by8 optimization enabled
[    0.690809] sched_clock: Marking stable (597533670, 93078970)->(698800523, -8187883)
[    0.691765] registered taskstats version 1
[    0.692404] Loading compiled-in X.509 certificates
[    0.693311] Loaded X.509 cert 'Red Hat Enterprise Linux kernel signing key: 50295e3f5643f9b6bc6742bc9d2934b96779d0ef'
[    0.694555] Loaded X.509 cert 'Red Hat Enterprise Linux Driver Update Program (key 3): bf57f3e87362bc7229d9f465321773dfd1f77a80'
[    0.695891] Loaded X.509 cert 'Red Hat Enterprise Linux kpatch signing key: 4d38fd864ebe18c5f0b72e3852e2014c3a676fc8'
[    0.697093] zswap: loaded using pool lzo/zbud
[    0.697642] page_owner is disabled
[    0.698021] Key type big_key registered
[    0.824463] Freeing initrd memory: 91256K
[    0.829151] Key type encrypted registered
[    0.830281] ima: No TPM chip found, activating TPM-bypass!
[    0.831687] Loading compiled-in module X.509 certificates
[    0.833720] Loaded X.509 cert 'Red Hat Enterprise Linux kernel signing key: 50295e3f5643f9b6bc6742bc9d2934b96779d0ef'
[    0.836326] ima: Allocated hash algorithm: sha256
[    0.837538] ima: No architecture policies found
[    0.838736] evm: Initialising EVM extended attributes:
[    0.840034] evm: security.selinux
[    0.840937] evm: security.SMACK64 (disabled)
[    0.842041] evm: security.SMACK64EXEC (disabled)
[    0.843217] evm: security.SMACK64TRANSMUTE (disabled)
[    0.844475] evm: security.SMACK64MMAP (disabled)
[    0.845655] evm: security.apparmor (disabled)
[    0.846788] evm: security.ima
[    0.847622] evm: security.capability
[    0.848565] evm: HMAC attrs: 0x1
[    0.884648] usb 1-1: new full-speed USB device number 2 using uhci_hcd
[    0.995939] Freeing unused decrypted memory: 2036K
[    0.996692] Freeing unused kernel image (initmem) memory: 2796K
[    0.998644] Write protecting the kernel read-only data: 24576k
[    0.999374] Freeing unused kernel image (rodata/data gap) memory: 20K
[    1.045273] x86/mm: Checked W+X mappings: passed, no W+X pages found.
[    1.045973] Run /init as init process
[    1.046359]   with arguments:
[    1.046361]     /init
[    1.046363]   with environment:
[    1.046364]     HOME=/
[    1.046365]     TERM=linux
[    1.046366]     BOOT_IMAGE=(hd0,gpt3)/ostree/rhcos-28af98682992630498bb0eb62633902be1a9fbd025565b98a6cb9270233aafe8/vmlinuz-5.14.0-284.104.1.el9_2.x86_64
[    1.046367]     ostree=/ostree/boot.0/rhcos/28af98682992630498bb0eb62633902be1a9fbd025565b98a6cb9270233aafe8/0
[    1.046368]     boot=UUID=18665d19-b1e2-4f76-af11-85cf5f4cfa86
[    1.052423] systemd[1]: systemd 252-14.el9_2.8 running in system mode (+PAM +AUDIT +SELINUX -APPARMOR +IMA +SMACK +SECCOMP +GCRYPT +GNUTLS +OPENSSL +ACL +BLKID +CURL +ELFUTILS -FIDO2 +IDN2 -IDN -IPTC +KMOD +LIBCRYPTSETUP +LIBFDISK +PCRE2 -PWQUALITY +P11KIT -QRENCODE +TPM2 +BZIP2 +LZ4 +XZ +ZLIB +ZSTD -BPF_FRAMEWORK +XKBCOMMON +UTMP +SYSVINIT default-hierarchy=unified)
[    1.053942] usb 1-1: New USB device found, idVendor=0627, idProduct=0001, bcdDevice= 0.00
[    1.059183] systemd[1]: Detected virtualization kvm.
[    1.059336] usb 1-1: New USB device strings: Mfr=1, Product=3, SerialNumber=10
[    1.059477] systemd[1]: Detected architecture x86-64.
[    1.059678] usb 1-1: Product: QEMU USB Tablet
[    1.059679] usb 1-1: Manufacturer: QEMU
[    1.059681] usb 1-1: SerialNumber: 28754-0000:00:01.2-1
[    1.065623] systemd[1]: Running in initrd.
[    1.066746] systemd[1]: No hostname configured, using default hostname.
[    1.067278] input: QEMU QEMU USB Tablet as /devices/pci0000:00/0000:00:01.2/usb1/1-1/1-1:1.0/0003:0627:0001.0001/input/input5
[    1.067487] systemd[1]: Hostname set to <localhost>.
[    1.067758] hid-generic 0003:0627:0001.0001: input,hidraw0: USB HID v0.01 Mouse [QEMU QEMU USB Tablet] on usb-0000:00:01.2-1/input0
[    1.067907] systemd[1]: Initializing machine ID from VM UUID.
[    1.120143] /usr/lib/systemd/system-generators/coreos-diskful-generator: line 37: value: unbound variable
[    1.160235] systemd[1]: Queued start job for default target Initrd Default Target.
[    1.161281] systemd[1]: Started Forward Password Requests to Clevis Directory Watch.
[    1.162396] systemd[1]: Started Dispatch Password Requests to Console Directory Watch.
[    1.163444] systemd[1]: Reached target Local Encrypted Volumes (Pre).
[    1.164305] systemd[1]: Reached target Local Encrypted Volumes.
[    1.165095] systemd[1]: Reached target Ignition Subsequent Boot Disk Setup.
[    1.165984] systemd[1]: Reached target Subsequent (Not Ignition) boot complete.
[    1.167019] systemd[1]: Reached target Initrd /usr File System.
[    1.167848] systemd[1]: Reached target Path Units.
[    1.168551] systemd[1]: Reached target Slice Units.
[    1.169259] systemd[1]: Reached target Swaps.
[    1.169896] systemd[1]: Reached target Timer Units.
[    1.170696] systemd[1]: Listening on D-Bus System Message Bus Socket.
[    1.171600] systemd[1]: Listening on Open-iSCSI iscsid Socket.
[    1.172422] systemd[1]: Listening on Open-iSCSI iscsiuio Socket.
[    1.173306] systemd[1]: Listening on Journal Socket (/dev/log).
[    1.174198] systemd[1]: Listening on Journal Socket.
[    1.175030] systemd[1]: Listening on udev Control Socket.
[    1.175866] systemd[1]: Listening on udev Kernel Socket.
[    1.176603] systemd[1]: Reached target Socket Units.
[    1.177306] systemd[1]: Check That Initrd Matches Kernel was skipped because of an unmet condition check (ConditionPathIsDirectory=!/usr/lib/modules/5.14.0-284.104.1.el9_2.x86_64).
[    1.180098] systemd[1]: Starting CoreOS: Touch /run/agetty.reload...
[    1.181724] systemd[1]: Starting Create List of Static Device Nodes...
[    1.182652] systemd[1]: Finish FIPS mode setup was skipped because of an unmet condition check (ConditionKernelCommandLine=fips).
[    1.184994] systemd[1]: Starting Journal Service...
[    1.186496] systemd[1]: Starting Load Kernel Modules...
[    1.187908] systemd[1]: Starting Create System Users...
[    1.189414] systemd[1]: Starting Setup Virtual Console...
[    1.190811] systemd[1]: Finished CoreOS: Touch /run/agetty.reload.
[    1.191941] systemd[1]: Finished Create List of Static Device Nodes.
[    1.208345] fuse: init (API version 7.36)
[    1.209649] systemd[1]: Finished Load Kernel Modules.
[    1.217077] systemd-sysusers[307]: Creating group 'nobody' with GID 65534.
[    1.217186] systemd-sysusers[307]: Creating group 'sgx' with GID 999.
[    1.217262] systemd-sysusers[307]: Creating group 'users' with GID 100.
[    1.217425] systemd-modules-load[306]: Inserted module 'fuse'
[    1.217499] systemd-modules-load[306]: Module 'msr' is built in
[    1.217560] systemd-sysusers[307]: Creating group 'root' with GID 998.
[    1.230351] systemd[1]: Started Journal Service.
[    1.231542] systemd-sysusers[307]: Creating group 'dbus' with GID 81.
[    1.233168] systemd[1]: Starting Apply Kernel Variables...
[    1.238806] systemd-sysusers[307]: Creating user 'dbus' (System Message Bus) with UID 81 and GID 81.
[    1.239836] systemd[1]: Finished Apply Kernel Variables.
[    1.241345] systemd[1]: Finished Create System Users.
[    1.241929] systemd[1]: Finished Setup Virtual Console.
[    1.242822] systemd[1]: dracut ask for additional cmdline parameters was skipped because no trigger condition checks were met.
[    1.243971] systemd[1]: Starting dracut cmdline hook...
[    1.249584] systemd[1]: Starting Create Static Device Nodes in /dev...
[    1.250939] systemd[1]: Starting Create Volatile Files and Directories...
[    1.254888] systemd[1]: Finished Create Static Device Nodes in /dev.
[    1.257090] dracut-cmdline[313]: dracut-415.92.202502141247-0 dracut-057-22.git20230214.el9_2
[    1.260341] systemd[1]: Finished Create Volatile Files and Directories.
[    1.261452] dracut-cmdline[313]: Using kernel command line parameters:    BOOT_IMAGE=(hd0,gpt3)/ostree/rhcos-28af98682992630498bb0eb62633902be1a9fbd025565b98a6cb9270233aafe8/vmlinuz-5.14.0-284.104.1.el9_2.x86_64 ostree=/ostree/boot.0/rhcos/28af98682992630498bb0eb62633902be1a9fbd025565b98a6cb9270233aafe8/0 ignition.platform.id=openstack console=ttyS0,115200n8 console=tty0 root=UUID=9a2163b0-f941-4224-8059-53881a692549 rw rootflags=prjquota boot=UUID=18665d19-b1e2-4f76-af11-85cf5f4cfa86 systemd.unified_cgroup_hierarchy=1 cgroup_no_v1=all psi=1
[    1.322173] Loading iSCSI transport class v2.0-870.
[    1.333003] iscsi: registered transport (tcp)
[    1.350766] iscsi: registered transport (qla4xxx)
[    1.351313] QLogic iSCSI HBA Driver
[    1.359206] libcxgbi:libcxgbi_init_module: Chelsio iSCSI driver library libcxgbi v0.9.1-ko (Apr. 2015)
[    1.395766] Chelsio T4-T6 iSCSI Driver cxgb4i v0.9.5-ko (Apr. 2015)
[    1.396454] iscsi: registered transport (cxgb4i)
[    1.404562] cnic: QLogic cnicDriver v2.5.22 (July 20, 2015)
[    1.409722] QLogic NetXtreme II iSCSI Driver bnx2i v2.7.10.1 (Jul 16, 2014)
[    1.410426] iscsi: registered transport (bnx2i)
[    1.418231] iscsi: registered transport (be2iscsi)
[    1.418742] In beiscsi_module_init, tt=0000000057fca619
[    1.518732] systemd[1]: Finished dracut cmdline hook.
[    1.519383] systemd[1]: Starting dracut pre-udev hook...
[    1.558376] device-mapper: core: CONFIG_IMA_DISABLE_HTABLE is disabled. Duplicate IMA measurements will not be recorded in the IMA log.
[    1.559604] device-mapper: uevent: version 1.0.3
[    1.560162] device-mapper: ioctl: 4.47.0-ioctl (2022-07-28) initialised: dm-devel@redhat.com
[    1.584373] systemd[1]: Finished dracut pre-udev hook.
[    1.586478] systemd[1]: Starting Rule-based Manager for Device Events and Files...
[    1.602967] systemd-udevd[481]: Using default interface naming scheme 'rhel-9.0'.
[    1.607062] systemd[1]: Started Rule-based Manager for Device Events and Files.
[    1.612739] systemd[1]: Starting dracut pre-trigger hook...
[    1.623105] dracut-pre-trigger[502]: rd.md=0: removing MD RAID activation
[    1.646186] systemd[1]: Finished dracut pre-trigger hook.
[    1.648101] systemd[1]: Starting Coldplug All udev Devices...
[    1.714736] systemd[1]: Finished Coldplug All udev Devices.
[    1.716271] systemd[1]: nm-initrd.service was skipped because of an unmet condition check (ConditionPathExists=/run/NetworkManager/initrd/neednet).
[    1.719490] systemd[1]: Reached target Network.
[    1.748732] systemd[1]: nm-wait-online-initrd.service was skipped because of an unmet condition check (ConditionPathExists=/run/NetworkManager/initrd/neednet).
[    1.753846] systemd[1]: Starting dracut initqueue hook...
[    1.760873] udevadm[560]: systemd-udev-settle.service is deprecated. Please fix multipathd-configure.service not to pull it in.
[    1.763654] systemd[1]: Starting Wait for udev To Complete Device Initialization...
[    1.764443] systemd[1]: sys-module-fuse.device: Failed to enqueue SYSTEMD_WANTS= job, ignoring: Unit sys-fs-fuse-connections.mount not found.
[    1.830888] libata version 3.00 loaded.
[    1.833837] ata_piix 0000:00:01.1: version 2.13
[    1.837469] virtio_net virtio0 ens3: renamed from eth0
[    1.839638] virtio_blk virtio1: [vda] 104857600 512-byte logical blocks (53.7 GB/50.0 GiB)
[    1.841530] scsi host0: ata_piix
[    1.843222]  vda: vda1 vda2 vda3 vda4
[    1.846665] scsi host1: ata_piix
[    1.846702] ata1: PATA max MWDMA2 cmd 0x1f0 ctl 0x3f6 bmdma 0xc120 irq 14
[    1.846704] ata2: PATA max MWDMA2 cmd 0x170 ctl 0x376 bmdma 0xc128 irq 15
[    1.886244] systemd[1]: Found device /dev/disk/by-uuid/9a2163b0-f941-4224-8059-53881a692549.
[    1.889760] systemd[1]: Reached target Initrd Root Device.
[    2.011410] systemd[1]: Finished Wait for udev To Complete Device Initialization.
[    2.014037] systemd[1]: Device-Mapper Multipath Default Configuration was skipped because of an unmet condition check (ConditionKernelCommandLine=rd.multipath=default).
[    2.018853] systemd[1]: Starting Device-Mapper Multipath Device Controller...
[    2.025674] systemd[1]: Finished dracut initqueue hook.
[    2.026917] systemd[1]: Reached target Preparation for Remote File Systems.
[    2.028368] systemd[1]: Reached target Remote Encrypted Volumes.
[    2.029793] systemd[1]: Reached target Remote File Systems.
[    2.037765] systemd[1]: Starting dracut pre-mount hook...
[    2.044399] multipathd[612]: --------start up--------
[    2.045425] multipathd[612]: read /etc/multipath.conf
[    2.046834] multipathd[612]: /etc/multipath.conf does not exist, blacklisting all devices.
[    2.048025] multipathd[612]: You can run "/sbin/mpathconf --enable" to create
[    2.048736] multipathd[612]: /etc/multipath.conf. See man mpathconf(8) for more details
[    2.049532] multipathd[612]: /etc/multipath.conf does not exist, blacklisting all devices.
[    2.050405] multipathd[612]: You can run "/sbin/mpathconf --enable" to create
[    2.051136] multipathd[612]: /etc/multipath.conf. See man mpathconf(8) for more details
[    2.051949] multipathd[612]: path checkers start up
[    2.051990] systemd[1]: Started Device-Mapper Multipath Device Controller.
[    2.055792] systemd[1]: Reached target Preparation for Local File Systems.
[    2.056820] systemd[1]: Reached target Local File Systems.
[    2.057698] systemd[1]: Reached target System Initialization.
[    2.057722] systemd[1]: Reached target Basic System.
[    2.059218] systemd[1]: Persist Osmet Files (ISO) was skipped because of an unmet condition check (ConditionKernelCommandLine=coreos.liveiso).
[    2.059243] systemd[1]: Acquire Live PXE rootfs Image was skipped because of an unmet condition check (ConditionPathExists=/run/ostree-live).
[    2.062449] systemd[1]: Persist Osmet Files (PXE) was skipped because of an unmet condition check (ConditionPathExists=/run/ostree-live).
[    2.064145] systemd[1]: Finished dracut pre-mount hook.
[    2.064274] systemd[1]: Starting File System Check on /dev/disk/by-uuid/9a2163b0-f941-4224-8059-53881a692549...
[    2.074657] systemd-fsck[633]: /usr/sbin/fsck.xfs: XFS file system.
[    2.076560] systemd[1]: Finished File System Check on /dev/disk/by-uuid/9a2163b0-f941-4224-8059-53881a692549.
[    2.192165] systemd[1]: Mounting /sysroot...
[    2.357837] SGI XFS with ACLs, security attributes, scrub, quota, no debug enabled
[    2.361067] XFS (vda4): Mounting V5 Filesystem
[    2.386755] XFS (vda4): Ending clean mount
[    2.415668] systemd[1]: Mounted /sysroot.
[    2.417201] systemd[1]: Starting OSTree Prepare OS/...
[    2.421872] ostree-prepare-root[646]: Resolved OSTree target to: /sysroot/ostree/deploy/rhcos/deploy/bef672ba85e1d7684a625390e292b7f25be34d09dde22145ec14c19a2fcb4ab3.1
[    2.423682] ostree-prepare-root[646]: Found legacy sysroot.readonly flag, not configured in ostree/prepare-root.conf
[    2.424755] ostree-prepare-root[646]: sysroot.readonly configuration value: 1 (fs writable: 1)
[    2.425655] ostree-prepare-root[646]: composefs: No image present
[    2.426942] systemd[1]: Finished OSTree Prepare OS/.
[    2.428066] systemd[1]: Reached target Initrd Root File System.
[    2.429054] systemd[1]: CoreOS Propagate Multipath Configuration was skipped because of an unmet condition check (ConditionKernelCommandLine=rd.multipath=default).
[    2.430933] systemd[1]: Starting Mountpoints Configured in the Real Root...
[    2.439093] multipathd[612]: exit (signal)
[    2.439820] multipathd[612]: --------shut down-------
[    2.439853] systemd[1]: Stopping Device-Mapper Multipath Device Controller...
[    2.442195] systemd[1]: initrd-parse-etc.service: Deactivated successfully.
[    2.442967] systemd[1]: Finished Mountpoints Configured in the Real Root.
[    2.444028] systemd[1]: Reached target Initrd File Systems.
[    2.444924] systemd[1]: Reached target Initrd Default Target.
[    2.446762] systemd[1]: Starting dracut mount hook...
[    2.452298] systemd[1]: multipathd.service: Deactivated successfully.
[    2.453208] systemd[1]: Stopped Device-Mapper Multipath Device Controller.
[    2.457255] systemd[1]: Finished dracut mount hook.
[    2.459388] systemd[1]: Starting dracut pre-pivot and cleanup hook...
[    2.471560] dracut-pre-pivot[665]: 2.378269 | /etc/multipath.conf does not exist, blacklisting all devices.
[    2.473052] dracut-pre-pivot[665]: 2.379944 | You can run "/sbin/mpathconf --enable" to create
[    2.474260] dracut-pre-pivot[665]: 2.380889 | /etc/multipath.conf. See man mpathconf(8) for more details
[    2.480315] systemd[1]: Finished dracut pre-pivot and cleanup hook.
[    2.481432] systemd[1]: Workaround dracut FIPS unmounting /boot was skipped because of an unmet condition check (ConditionPathExists=/run/ostree-live).
[    2.482938] systemd[1]: Starting Cleaning Up and Shutting Down Daemons...
[    2.489185] systemd[1]: Stopped target Network.
[    2.490013] systemd[1]: Stopped target Remote Encrypted Volumes.
[    2.491071] systemd[1]: Stopped target Timer Units.
[    2.491873] systemd[1]: dbus.socket: Deactivated successfully.
[    2.492525] systemd[1]: Closed D-Bus System Message Bus Socket.
[    2.494202] systemd[1]: Unmount Live /var if Persistent /var Is Configured was skipped because of an unmet condition check (ConditionPathExists=/run/ostree-live).
[    2.495788] systemd[1]: dracut-pre-pivot.service: Deactivated successfully.
[    2.495808] systemd[1]: Stopped dracut pre-pivot and cleanup hook.
[    2.497561] systemd[1]: Stopped target Initrd Default Target.
[    2.498475] systemd[1]: Stopped target Basic System.
[    2.499312] systemd[1]: Stopped target Subsequent (Not Ignition) boot complete.
[    2.506552] systemd[1]: Stopped target Ignition Subsequent Boot Disk Setup.
[    2.507603] systemd[1]: Stopped target Initrd Root Device.
[    2.508471] systemd[1]: Stopped target Initrd /usr File System.
[    2.509391] systemd[1]: Stopped target Path Units.
[    2.510171] systemd[1]: Stopped target Remote File Systems.
[    2.511054] systemd[1]: Stopped target Preparation for Remote File Systems.
[    2.512050] systemd[1]: Stopped target Slice Units.
[    2.512839] systemd[1]: Stopped target Socket Units.
[    2.513654] systemd[1]: Stopped target System Initialization.
[    2.514539] systemd[1]: Stopped target Local File Systems.
[    2.515411] systemd[1]: Stopped target Preparation for Local File Systems.
[    2.516422] systemd[1]: Stopped target Swaps.
[    2.517111] systemd[1]: iscsid.socket: Deactivated successfully.
[    2.517816] systemd[1]: Closed Open-iSCSI iscsid Socket.
[    2.518710] systemd[1]: iscsiuio.socket: Deactivated successfully.
[    2.519654] systemd[1]: Closed Open-iSCSI iscsiuio Socket.
[    2.520491] systemd[1]: coreos-touch-run-agetty.service: Deactivated successfully.
[    2.521306] systemd[1]: Stopped CoreOS: Touch /run/agetty.reload.
[    2.522268] systemd[1]: dracut-mount.service: Deactivated successfully.
[    2.522958] systemd[1]: Stopped dracut mount hook.
[    2.523806] systemd[1]: dracut-pre-mount.service: Deactivated successfully.
[    2.524521] systemd[1]: Stopped dracut pre-mount hook.
[    2.525402] systemd[1]: Stopped target Local Encrypted Volumes.
[    2.526306] systemd[1]: systemd-ask-password-console.path: Deactivated successfully.
[    2.527249] systemd[1]: Stopped Dispatch Password Requests to Console Directory Watch.
[    2.528417] systemd[1]: Stopped target Local Encrypted Volumes (Pre).
[    2.529352] systemd[1]: clevis-luks-askpass.path: Deactivated successfully.
[    2.532711] systemd[1]: Stopped Forward Password Requests to Clevis Directory Watch.
[    2.533804] systemd[1]: dracut-initqueue.service: Deactivated successfully.
[    2.534786] systemd[1]: Stopped dracut initqueue hook.
[    2.535707] systemd[1]: Acquire Live PXE rootfs Image was skipped because of an unmet condition check (ConditionPathExists=/run/ostree-live).
[    2.537178] systemd[1]: systemd-sysctl.service: Deactivated successfully.
[    2.537199] systemd[1]: Stopped Apply Kernel Variables.
[    2.538781] systemd[1]: systemd-modules-load.service: Deactivated successfully.
[    2.539588] systemd[1]: Stopped Load Kernel Modules.
[    2.540469] systemd[1]: systemd-tmpfiles-setup.service: Deactivated successfully.
[    2.541287] systemd[1]: Stopped Create Volatile Files and Directories.
[    2.542326] systemd[1]: systemd-udev-settle.service: Deactivated successfully.
[    2.543132] systemd[1]: Stopped Wait for udev To Complete Device Initialization.
[    2.544224] systemd[1]: systemd-udev-trigger.service: Deactivated successfully.
[    2.545019] systemd[1]: Stopped Coldplug All udev Devices.
[    2.545914] systemd[1]: dracut-pre-trigger.service: Deactivated successfully.
[    2.546658] systemd[1]: Stopped dracut pre-trigger hook.
[    2.552714] systemd[1]: Stopping Rule-based Manager for Device Events and Files...
[    2.553533] systemd[1]: systemd-vconsole-setup.service: Deactivated successfully.
[    2.555873] systemd[1]: Stopped Setup Virtual Console.
[    2.555927] systemd[1]: run-credentials-systemd\x2dtmpfiles\x2dsetup.service.mount: Deactivated successfully.
[    2.557433] systemd[1]: run-credentials-systemd\x2dsysctl.service.mount: Deactivated successfully.
[    2.558530] systemd[1]: initrd-cleanup.service: Deactivated successfully.
[    2.558546] systemd[1]: Finished Cleaning Up and Shutting Down Daemons.
[    2.558570] systemd[1]: systemd-udevd.service: Deactivated successfully.
[    2.560686] systemd[1]: Stopped Rule-based Manager for Device Events and Files.
[    2.562160] systemd[1]: systemd-udevd-control.socket: Deactivated successfully.
[    2.562975] systemd[1]: Closed udev Control Socket.
[    2.563738] systemd[1]: systemd-udevd-kernel.socket: Deactivated successfully.
[    2.564515] systemd[1]: Closed udev Kernel Socket.
[    2.565276] systemd[1]: dracut-pre-udev.service: Deactivated successfully.
[    2.565992] systemd[1]: Stopped dracut pre-udev hook.
[    2.566843] systemd[1]: dracut-cmdline.service: Deactivated successfully.
[    2.567538] systemd[1]: Stopped dracut cmdline hook.
[    2.569654] systemd[1]: Starting Cleanup udev Database...
[    2.570288] systemd[1]: systemd-tmpfiles-setup-dev.service: Deactivated successfully.
[    2.571196] systemd[1]: Stopped Create Static Device Nodes in /dev.
[    2.571927] systemd[1]: kmod-static-nodes.service: Deactivated successfully.
[    2.572701] systemd[1]: Stopped Create List of Static Device Nodes.
[    2.573674] systemd[1]: systemd-sysusers.service: Deactivated successfully.
[    2.574445] systemd[1]: Stopped Create System Users.
[    2.575801] systemd[1]: initrd-udevadm-cleanup-db.service: Deactivated successfully.
[    2.576723] systemd[1]: Finished Cleanup udev Database.
[    2.578002] systemd[1]: Reached target Switch Root.
[    2.579922] systemd[1]: Starting Switch Root...
[    2.592990] systemd[1]: Switching root.
[    2.598797] systemd-journald[305]: Received SIGTERM from PID 1 (systemd).
[    2.665935] audit: type=1404 audit(1743496123.493:2): enforcing=1 old_enforcing=0 auid=4294967295 ses=4294967295 enabled=1 old-enabled=1 lsm=selinux res=1
[    2.700789] SELinux:  policy capability network_peer_controls=1
[    2.701442] SELinux:  policy capability open_perms=1
[    2.701957] SELinux:  policy capability extended_socket_class=1
[    2.702566] SELinux:  policy capability always_check_network=0
[    2.703146] SELinux:  policy capability cgroup_seclabel=1
[    2.703683] SELinux:  policy capability nnp_nosuid_transition=1
[    2.704275] SELinux:  policy capability genfs_seclabel_symlinks=1
[    2.745389] audit: type=1403 audit(1743496123.572:3): auid=4294967295 ses=4294967295 lsm=selinux res=1
[    2.747023] systemd[1]: Successfully loaded SELinux policy in 81.163ms.
[    2.771977] systemd[1]: Relabelled /dev, /dev/shm, /run, /sys/fs/cgroup in 17.869ms.
[    2.775552] systemd[1]: systemd 252-14.el9_2.8 running in system mode (+PAM +AUDIT +SELINUX -APPARMOR +IMA +SMACK +SECCOMP +GCRYPT +GNUTLS +OPENSSL +ACL +BLKID +CURL +ELFUTILS -FIDO2 +IDN2 -IDN -IPTC +KMOD +LIBCRYPTSETUP +LIBFDISK +PCRE2 -PWQUALITY +P11KIT -QRENCODE +TPM2 +BZIP2 +LZ4 +XZ +ZLIB +ZSTD -BPF_FRAMEWORK +XKBCOMMON +UTMP +SYSVINIT default-hierarchy=unified)
[    2.784848] systemd[1]: Detected virtualization kvm.
[    2.785367] systemd[1]: Detected architecture x86-64.
[    2.836148] systemd-rc-local-generator[692]: /etc/rc.d/rc.local is not marked executable, skipping.
[    2.996979] systemd[1]: initrd-switch-root.service: Deactivated successfully.
[    2.997744] systemd[1]: Stopped Switch Root.
[    2.998709] systemd[1]: systemd-journald.service: Scheduled restart job, restart counter is at 1.
[    2.999814] systemd[1]: Created slice Slice /system/getty.
[    3.000803] systemd[1]: Created slice Slice /system/modprobe.
[    3.002000] systemd[1]: Created slice Slice /system/serial-getty.
[    3.003055] systemd[1]: Created slice Slice /system/sshd-keygen.
[    3.004067] systemd[1]: Created slice Slice /system/systemd-fsck.
[    3.005131] systemd[1]: Created slice User and Session Slice.
[    3.005998] systemd[1]: Started Forward Password Requests to Clevis Directory Watch.
[    3.007030] systemd[1]: Started Dispatch Password Requests to Console Directory Watch.
[    3.007998] systemd[1]: Started Forward Password Requests to Wall Directory Watch.
[    3.009175] systemd[1]: Set up automount Arbitrary Executable File Formats File System Automount Point.
[    3.010174] systemd[1]: Reached target Synchronize afterburn-sshkeys@.service template instances.
[    3.011119] systemd[1]: Reached target Local Encrypted Volumes (Pre).
[    3.011970] systemd[1]: Reached target Local Encrypted Volumes.
[    3.012821] systemd[1]: Stopped target Switch Root.
[    3.013444] systemd[1]: Stopped target Initrd File Systems.
[    3.014197] systemd[1]: Stopped target Initrd Root File System.
[    3.014883] systemd[1]: Reached target Local Integrity Protected Volumes.
[    3.015698] systemd[1]: Reached target Host and Network Name Lookups.
[    3.016428] systemd[1]: Reached target Remote Encrypted Volumes.
[    3.017150] systemd[1]: Reached target Remote File Systems.
[    3.017805] systemd[1]: Reached target Slice Units.
[    3.018398] systemd[1]: Reached target Swaps.
[    3.019004] systemd[1]: Reached target Local Verity Protected Volumes.
[    3.020494] systemd[1]: Listening on Device-mapper event daemon FIFOs.
[    3.022559] systemd[1]: Listening on LVM2 poll daemon socket.
[    3.023319] systemd[1]: multipathd control socket was skipped because of an unmet condition check (ConditionPathExists=/etc/multipath.conf).
[    3.031184] systemd[1]: Listening on RPCbind Server Activation Socket.
[    3.032151] systemd[1]: Reached target RPC Port Mapper.
[    3.034333] systemd[1]: Listening on Process Core Dump Socket.
[    3.035190] systemd[1]: Listening on initctl Compatibility Named Pipe.
[    3.036514] systemd[1]: Listening on udev Control Socket.
[    3.037498] systemd[1]: Listening on udev Kernel Socket.
[    3.039357] systemd[1]: Mounting Huge Pages File System...
[    3.041188] systemd[1]: Mounting POSIX Message Queue File System...
[    3.043242] systemd[1]: Mounting Kernel Debug File System...
[    3.045165] systemd[1]: Mounting Kernel Trace File System...
[    3.047237] systemd[1]: Mounting Temporary Directory /tmp...
[    3.049184] systemd[1]: Starting CoreOS: Set printk To Level 4 (warn)...
[    3.051849] systemd[1]: Ignition (delete config) was skipped because of an unmet condition check (ConditionFirstBoot=true).
[    3.058311] systemd[1]: Starting Create List of Static Device Nodes...
[    3.060424] systemd[1]: Starting Monitoring of LVM2 mirrors, snapshots etc. using dmeventd or progress polling...
[    3.062693] systemd[1]: Starting Load Kernel Module configfs...
[    3.064623] systemd[1]: Starting Load Kernel Module drm...
[    3.066438] systemd[1]: Starting Load Kernel Module efi_pstore...
[    3.068240] systemd[1]: Starting Load Kernel Module fuse...
[    3.070693] systemd[1]: ostree-prepare-root.service: Deactivated successfully.
[    3.071478] systemd[1]: Stopped OSTree Prepare OS/.
[    3.072543] systemd[1]: systemd-fsck-root.service: Deactivated successfully.
[    3.073320] systemd[1]: Stopped File System Check on Root Device.
[    3.076093] systemd[1]: Stopped Journal Service.
[    3.079632] systemd[1]: Starting Journal Service...
[    3.088709] systemd[1]: Starting Load Kernel Modules...
[    3.092265] systemd[1]: Starting Generate network units from Kernel command line...
[    3.094952] systemd[1]: Starting Remount Root and Kernel File Systems...
[    3.097501] systemd[1]: Starting Coldplug All udev Devices...
[    3.114876] systemd[1]: Started Journal Service.
[    3.131505] ACPI: bus type drm_connector registered
[    3.138433] Warning: Deprecated Driver is detected: iptables will not be maintained in a future major release and may be disabled
[    3.575451] piix4_smbus 0000:00:01.3: SMBus Host Controller at 0x700, revision 0
[    3.577989] input: PC Speaker as /devices/platform/pcspkr/input/input6
[    3.662358] cirrus 0000:00:02.0: vgaarb: deactivate vga console
[    3.691016] Console: switching to colour dummy device 80x25
[    3.691583] [drm] Initialized cirrus 2.0.0 2019 for 0000:00:02.0 on minor 0
[    3.692115] fbcon: cirrusdrmfb (fb0) is primary device
[    3.693068] cirrus 0000:00:02.0: [drm] drm_plane_enable_fb_damage_clips() not called
[    3.773747] Console: switching to colour frame buffer device 128x48
[    3.812180] kvm: Nested Virtualization enabled
[    3.812182] SVM: kvm: Nested Paging enabled
[    3.853894] cirrus 0000:00:02.0: [drm] fb0: cirrusdrmfb frame buffer device
[    3.891766] systemd-journald[741]: Received client request to flush runtime journal.
[    4.216301] EXT4-fs (vda3): mounted filesystem with ordered data mode. Quota mode: none.
[    5.379874] openvswitch: Open vSwitch switching datapath
[   21.000063] VFS: idmapped mount is not enabled.
[   26.337213] systemd-rc-local-generator[1325]: /etc/rc.d/rc.local is not marked executable, skipping.
[   28.326927] device ovs-system entered promiscuous mode
[   28.327549] Timeout policy base is empty
[   28.327551] Failed to associated timeout policy `ovs_test_tp'
[   28.362235] device ens3 entered promiscuous mode
[   28.607376] device ens3 left promiscuous mode
[   28.607862] device ovs-system left promiscuous mode
[   28.613596] device ovs-system entered promiscuous mode
[   28.614138] No such timeout policy "ovs_test_tp"
[   28.614141] Failed to associated timeout policy `ovs_test_tp'
[   28.614594] device ens3 entered promiscuous mode
[   29.121578] device br-ex entered promiscuous mode
[   40.485803] Warning: Deprecated Driver is detected: nft_compat will not be maintained in a future major release and may be disabled
[  302.919283] systemd-rc-local-generator[3076]: /etc/rc.d/rc.local is not marked executable, skipping.
[  304.587209] EXT4-fs (vda3): re-mounted. Quota mode: none.
[  330.313857] device br-int entered promiscuous mode
[  336.724445] device ovn-k8s-mp0 entered promiscuous mode
[  366.587829] device genev_sys_6081 entered promiscuous mode
[  379.321743] IPv6: ADDRCONF(NETDEV_CHANGE): eth0: link becomes ready
[  379.321775] IPv6: ADDRCONF(NETDEV_CHANGE): 0094e9c6e673b87: link becomes ready
[  379.321943] IPv6: ADDRCONF(NETDEV_CHANGE): 9f669117330bd79: link becomes ready
[  379.348479] device 0094e9c6e673b87 entered promiscuous mode
[  379.377082] device 9f669117330bd79 entered promiscuous mode
[  393.941479] IPv6: ADDRCONF(NETDEV_CHANGE): eth0: link becomes ready
[  393.941514] IPv6: ADDRCONF(NETDEV_CHANGE): b1340235ffa85f5: link becomes ready
[  393.962614] IPv6: ADDRCONF(NETDEV_CHANGE): 713fdbb338b1d1c: link becomes ready
[  393.981008] device 713fdbb338b1d1c entered promiscuous mode
[  394.008926] device b1340235ffa85f5 entered promiscuous mode
[15009.871822] IPv6: ADDRCONF(NETDEV_CHANGE): eth0: link becomes ready
[15009.871861] IPv6: ADDRCONF(NETDEV_CHANGE): b548816eee3c26c: link becomes ready
[15009.893478] device b548816eee3c26c entered promiscuous mode
[16305.975110] IPv6: ADDRCONF(NETDEV_CHANGE): eth0: link becomes ready
[16305.975140] IPv6: ADDRCONF(NETDEV_CHANGE): 31cfb8393a17165: link becomes ready
[16305.999328] device 31cfb8393a17165 entered promiscuous mode
[22554.062139] device b548816eee3c26c left promiscuous mode
[22784.238745] IPv6: ADDRCONF(NETDEV_CHANGE): eth0: link becomes ready
[22784.238789] IPv6: ADDRCONF(NETDEV_CHANGE): 0aa0a01108dba5f: link becomes ready
[22784.269022] device 0aa0a01108dba5f entered promiscuous mode
[84055.373398] IPv6: ADDRCONF(NETDEV_CHANGE): eth0: link becomes ready
[84055.373468] IPv6: ADDRCONF(NETDEV_CHANGE): 70be1f69bea1671: link becomes ready
[84055.401134] device 70be1f69bea1671 entered promiscuous mode
